// Jest Snapshot v1, https://goo.gl/fbAQLP

exports[`MovieContainer should match snapshot 1`] = `<section />`;
