// Jest Snapshot v1, https://goo.gl/fbAQLP

exports[`src Root should match snapshot 1`] = `
<Provider>
  <BrowserRouter>
    <Route
      component={[Function]}
      path="/"
    />
  </BrowserRouter>
</Provider>
`;
