// Jest Snapshot v1, https://goo.gl/fbAQLP

exports[`Favorites should match snapshot 1`] = `<article />`;
